--------------------------------------------------------------------------------
Release 14.7 Trace  (nt64)
Copyright (c) 1995-2013 Xilinx, Inc.  All rights reserved.

C:\Xilinx\14.7\ISE_DS\ISE\bin\nt64\unwrapped\trce.exe -intstyle ise -v 3 -s 3
-n 3 -fastpaths -xml CPU.twx CPU.ncd -o CPU.twr CPU.pcf -ucf n3.ucf

Design file:              CPU.ncd
Physical constraint file: CPU.pcf
Device,package,speed:     xc6slx16,csg324,C,-3 (PRODUCTION 1.23 2013-10-13)
Report level:             verbose report

Environment Variable      Effect 
--------------------      ------ 
NONE                      No environment variables were set
--------------------------------------------------------------------------------

INFO:Timing:2698 - No timing constraints found, doing default enumeration.
INFO:Timing:3412 - To improve timing, see the Timing Closure User Guide (UG612).
INFO:Timing:2752 - To get complete path coverage, use the unconstrained paths 
   option. All paths that are not constrained will be reported in the 
   unconstrained paths section(s) of the report.
INFO:Timing:3339 - The clock-to-out numbers in this timing report are based on 
   a 50 Ohm transmission line loading model.  For the details of this model, 
   and for more information on accounting for different loading conditions, 
   please see the device datasheet.



Data Sheet report:
-----------------
All values displayed in nanoseconds (ns)

Setup/Hold to clock CLK
------------+------------+------------+------------+------------+------------------+--------+
            |Max Setup to|  Process   |Max Hold to |  Process   |                  | Clock  |
Source      | clk (edge) |   Corner   | clk (edge) |   Corner   |Internal Clock(s) | Phase  |
------------+------------+------------+------------+------------+------------------+--------+
RST         |    4.108(R)|      SLOW  |   -2.080(R)|      FAST  |CLK_IBUF_BUFG     |   0.000|
            |    4.534(F)|      SLOW  |   -2.281(F)|      FAST  |CLK_IBUF_BUFG     |   0.000|
            |   -0.564(R)|      FAST  |    2.630(R)|      SLOW  |PCupdate          |   0.000|
------------+------------+------------+------------+------------+------------------+--------+

Clock CLK to Pad
------------+-----------------+------------+-----------------+------------+------------------+--------+
            |Max (slowest) clk|  Process   |Min (fastest) clk|  Process   |                  | Clock  |
Destination |  (edge) to PAD  |   Corner   |  (edge) to PAD  |   Corner   |Internal Clock(s) | Phase  |
------------+-----------------+------------+-----------------+------------+------------------+--------+
DBUS<0>     |        12.561(R)|      SLOW  |         7.348(R)|      FAST  |CLK_IBUF_BUFG     |   0.000|
            |        12.310(F)|      SLOW  |         6.481(F)|      FAST  |CLK_IBUF_BUFG     |   0.000|
DBUS<1>     |        12.030(R)|      SLOW  |         6.999(R)|      FAST  |CLK_IBUF_BUFG     |   0.000|
            |        11.779(F)|      SLOW  |         6.132(F)|      FAST  |CLK_IBUF_BUFG     |   0.000|
DBUS<2>     |        12.030(R)|      SLOW  |         6.999(R)|      FAST  |CLK_IBUF_BUFG     |   0.000|
            |        11.779(F)|      SLOW  |         6.132(F)|      FAST  |CLK_IBUF_BUFG     |   0.000|
DBUS<3>     |        10.861(R)|      SLOW  |         6.242(R)|      FAST  |CLK_IBUF_BUFG     |   0.000|
            |        10.610(F)|      SLOW  |         5.375(F)|      FAST  |CLK_IBUF_BUFG     |   0.000|
DBUS<4>     |        10.861(R)|      SLOW  |         6.242(R)|      FAST  |CLK_IBUF_BUFG     |   0.000|
            |        10.610(F)|      SLOW  |         5.375(F)|      FAST  |CLK_IBUF_BUFG     |   0.000|
DBUS<5>     |        11.328(R)|      SLOW  |         6.551(R)|      FAST  |CLK_IBUF_BUFG     |   0.000|
            |        11.077(F)|      SLOW  |         5.684(F)|      FAST  |CLK_IBUF_BUFG     |   0.000|
DBUS<6>     |        11.328(R)|      SLOW  |         6.551(R)|      FAST  |CLK_IBUF_BUFG     |   0.000|
            |        11.077(F)|      SLOW  |         5.684(F)|      FAST  |CLK_IBUF_BUFG     |   0.000|
DBUS<7>     |        10.745(R)|      SLOW  |         6.138(R)|      FAST  |CLK_IBUF_BUFG     |   0.000|
            |        10.494(F)|      SLOW  |         5.271(F)|      FAST  |CLK_IBUF_BUFG     |   0.000|
DBUS<8>     |        11.513(R)|      SLOW  |         6.657(R)|      FAST  |CLK_IBUF_BUFG     |   0.000|
            |        11.262(F)|      SLOW  |         5.790(F)|      FAST  |CLK_IBUF_BUFG     |   0.000|
DBUS<9>     |        11.513(R)|      SLOW  |         6.657(R)|      FAST  |CLK_IBUF_BUFG     |   0.000|
            |        11.262(F)|      SLOW  |         5.790(F)|      FAST  |CLK_IBUF_BUFG     |   0.000|
DBUS<10>    |        11.731(R)|      SLOW  |         6.802(R)|      FAST  |CLK_IBUF_BUFG     |   0.000|
            |        11.480(F)|      SLOW  |         5.935(F)|      FAST  |CLK_IBUF_BUFG     |   0.000|
DBUS<11>    |        11.992(R)|      SLOW  |         6.966(R)|      FAST  |CLK_IBUF_BUFG     |   0.000|
            |        11.741(F)|      SLOW  |         6.099(F)|      FAST  |CLK_IBUF_BUFG     |   0.000|
DBUS<12>    |        11.992(R)|      SLOW  |         6.966(R)|      FAST  |CLK_IBUF_BUFG     |   0.000|
            |        11.741(F)|      SLOW  |         6.099(F)|      FAST  |CLK_IBUF_BUFG     |   0.000|
DBUS<13>    |        11.025(R)|      SLOW  |         6.405(R)|      FAST  |CLK_IBUF_BUFG     |   0.000|
            |        10.774(F)|      SLOW  |         5.538(F)|      FAST  |CLK_IBUF_BUFG     |   0.000|
DBUS<14>    |        10.522(R)|      SLOW  |         5.978(R)|      FAST  |CLK_IBUF_BUFG     |   0.000|
            |        10.271(F)|      SLOW  |         5.111(F)|      FAST  |CLK_IBUF_BUFG     |   0.000|
DBUS<15>    |        10.522(R)|      SLOW  |         5.978(R)|      FAST  |CLK_IBUF_BUFG     |   0.000|
            |        10.271(F)|      SLOW  |         5.111(F)|      FAST  |CLK_IBUF_BUFG     |   0.000|
IODB<0>     |        10.871(R)|      SLOW  |         6.114(R)|      FAST  |CLK_IBUF_BUFG     |   0.000|
            |        10.289(F)|      SLOW  |         5.392(F)|      FAST  |CLK_IBUF_BUFG     |   0.000|
IODB<1>     |        11.043(R)|      SLOW  |         6.222(R)|      FAST  |CLK_IBUF_BUFG     |   0.000|
            |        10.461(F)|      SLOW  |         5.500(F)|      FAST  |CLK_IBUF_BUFG     |   0.000|
IODB<2>     |        11.043(R)|      SLOW  |         6.222(R)|      FAST  |CLK_IBUF_BUFG     |   0.000|
            |        10.461(F)|      SLOW  |         5.500(F)|      FAST  |CLK_IBUF_BUFG     |   0.000|
IODB<3>     |        11.210(R)|      SLOW  |         6.325(R)|      FAST  |CLK_IBUF_BUFG     |   0.000|
            |        10.628(F)|      SLOW  |         5.603(F)|      FAST  |CLK_IBUF_BUFG     |   0.000|
IODB<4>     |        11.210(R)|      SLOW  |         6.325(R)|      FAST  |CLK_IBUF_BUFG     |   0.000|
            |        10.628(F)|      SLOW  |         5.603(F)|      FAST  |CLK_IBUF_BUFG     |   0.000|
IODB<5>     |        10.871(R)|      SLOW  |         6.114(R)|      FAST  |CLK_IBUF_BUFG     |   0.000|
            |        10.289(F)|      SLOW  |         5.392(F)|      FAST  |CLK_IBUF_BUFG     |   0.000|
IODB<6>     |        10.699(R)|      SLOW  |         6.006(R)|      FAST  |CLK_IBUF_BUFG     |   0.000|
            |        10.117(F)|      SLOW  |         5.284(F)|      FAST  |CLK_IBUF_BUFG     |   0.000|
IODB<7>     |        10.699(R)|      SLOW  |         6.006(R)|      FAST  |CLK_IBUF_BUFG     |   0.000|
            |        10.117(F)|      SLOW  |         5.284(F)|      FAST  |CLK_IBUF_BUFG     |   0.000|
nBHE        |        12.530(R)|      SLOW  |         5.373(R)|      FAST  |CLK_IBUF_BUFG     |   0.000|
            |        12.088(F)|      SLOW  |         6.185(F)|      FAST  |CLK_IBUF_BUFG     |   0.000|
nBLE        |        12.871(R)|      SLOW  |         5.855(R)|      FAST  |CLK_IBUF_BUFG     |   0.000|
            |        12.846(F)|      SLOW  |         6.322(F)|      FAST  |CLK_IBUF_BUFG     |   0.000|
nMREQ       |        10.206(R)|      SLOW  |         5.673(R)|      FAST  |CLK_IBUF_BUFG     |   0.000|
            |        10.343(F)|      SLOW  |         5.673(F)|      FAST  |CLK_IBUF_BUFG     |   0.000|
nPRD        |        10.544(R)|      SLOW  |         5.957(R)|      FAST  |CLK_IBUF_BUFG     |   0.000|
            |         9.549(F)|      SLOW  |         4.920(F)|      FAST  |CLK_IBUF_BUFG     |   0.000|
nPREQ       |         9.711(R)|      SLOW  |         5.465(R)|      FAST  |CLK_IBUF_BUFG     |   0.000|
            |         9.269(F)|      SLOW  |         4.860(F)|      FAST  |CLK_IBUF_BUFG     |   0.000|
nPWR        |        10.418(R)|      SLOW  |         5.885(R)|      FAST  |CLK_IBUF_BUFG     |   0.000|
            |         9.836(F)|      SLOW  |         5.163(F)|      FAST  |CLK_IBUF_BUFG     |   0.000|
nRD         |        12.345(R)|      SLOW  |         5.490(R)|      FAST  |CLK_IBUF_BUFG     |   0.000|
            |        11.903(F)|      SLOW  |         6.449(F)|      FAST  |CLK_IBUF_BUFG     |   0.000|
nWR         |        13.731(R)|      SLOW  |         8.075(R)|      FAST  |CLK_IBUF_BUFG     |   0.000|
            |        13.480(F)|      SLOW  |         7.208(F)|      FAST  |CLK_IBUF_BUFG     |   0.000|
------------+-----------------+------------+-----------------+------------+------------------+--------+

Clock to Setup on destination clock CLK
---------------+---------+---------+---------+---------+
               | Src:Rise| Src:Fall| Src:Rise| Src:Fall|
Source Clock   |Dest:Rise|Dest:Rise|Dest:Fall|Dest:Fall|
---------------+---------+---------+---------+---------+
CLK            |    1.544|   -0.733|    5.300|    5.300|
---------------+---------+---------+---------+---------+

Clock to Setup on destination clock CLOCK
---------------+---------+---------+---------+---------+
               | Src:Rise| Src:Fall| Src:Rise| Src:Fall|
Source Clock   |Dest:Rise|Dest:Rise|Dest:Fall|Dest:Fall|
---------------+---------+---------+---------+---------+
CLOCK          |    1.742|         |         |         |
---------------+---------+---------+---------+---------+


Analysis completed Fri Jul 31 22:01:07 2015 
--------------------------------------------------------------------------------

Trace Settings:
-------------------------
Trace Settings 

Peak Memory Usage: 229 MB



