--------------------------------------------------------------------------------
Release 14.7 Trace  (nt64)
Copyright (c) 1995-2013 Xilinx, Inc.  All rights reserved.

C:\Xilinx\14.7\ISE_DS\ISE\bin\nt64\unwrapped\trce.exe -intstyle ise -v 3 -s 3
-n 3 -fastpaths -xml IFctrl.twx IFctrl.ncd -o IFctrl.twr IFctrl.pcf

Design file:              IFctrl.ncd
Physical constraint file: IFctrl.pcf
Device,package,speed:     xc6slx16,csg324,C,-3 (PRODUCTION 1.23 2013-10-13)
Report level:             verbose report

Environment Variable      Effect 
--------------------      ------ 
NONE                      No environment variables were set
--------------------------------------------------------------------------------

INFO:Timing:2698 - No timing constraints found, doing default enumeration.
INFO:Timing:3412 - To improve timing, see the Timing Closure User Guide (UG612).
INFO:Timing:2752 - To get complete path coverage, use the unconstrained paths 
   option. All paths that are not constrained will be reported in the 
   unconstrained paths section(s) of the report.
INFO:Timing:3339 - The clock-to-out numbers in this timing report are based on 
   a 50 Ohm transmission line loading model.  For the details of this model, 
   and for more information on accounting for different loading conditions, 
   please see the device datasheet.



Data Sheet report:
-----------------
All values displayed in nanoseconds (ns)

Setup/Hold to clock PCupdate
------------+------------+------------+------------+------------+------------------+--------+
            |Max Setup to|  Process   |Max Hold to |  Process   |                  | Clock  |
Source      | clk (edge) |   Corner   | clk (edge) |   Corner   |Internal Clock(s) | Phase  |
------------+------------+------------+------------+------------+------------------+--------+
PCnew<0>    |    0.041(R)|      FAST  |    1.215(R)|      SLOW  |PCupdate_BUFGP    |   0.000|
PCnew<1>    |    0.010(R)|      FAST  |    1.260(R)|      SLOW  |PCupdate_BUFGP    |   0.000|
PCnew<2>    |   -0.019(R)|      FAST  |    1.275(R)|      SLOW  |PCupdate_BUFGP    |   0.000|
PCnew<3>    |   -0.050(R)|      FAST  |    1.320(R)|      SLOW  |PCupdate_BUFGP    |   0.000|
PCnew<4>    |    0.042(R)|      FAST  |    1.214(R)|      SLOW  |PCupdate_BUFGP    |   0.000|
PCnew<5>    |    0.011(R)|      FAST  |    1.259(R)|      SLOW  |PCupdate_BUFGP    |   0.000|
PCnew<6>    |   -0.018(R)|      FAST  |    1.274(R)|      SLOW  |PCupdate_BUFGP    |   0.000|
PCnew<7>    |   -0.049(R)|      FAST  |    1.319(R)|      SLOW  |PCupdate_BUFGP    |   0.000|
PCnew<8>    |    0.050(R)|      FAST  |    1.206(R)|      SLOW  |PCupdate_BUFGP    |   0.000|
PCnew<9>    |    0.019(R)|      FAST  |    1.251(R)|      SLOW  |PCupdate_BUFGP    |   0.000|
PCnew<10>   |   -0.010(R)|      FAST  |    1.266(R)|      SLOW  |PCupdate_BUFGP    |   0.000|
PCnew<11>   |   -0.041(R)|      FAST  |    1.311(R)|      SLOW  |PCupdate_BUFGP    |   0.000|
PCnew<12>   |    0.054(R)|      FAST  |    1.202(R)|      SLOW  |PCupdate_BUFGP    |   0.000|
PCnew<13>   |    0.023(R)|      FAST  |    1.247(R)|      SLOW  |PCupdate_BUFGP    |   0.000|
PCnew<14>   |   -0.007(R)|      FAST  |    1.263(R)|      SLOW  |PCupdate_BUFGP    |   0.000|
PCnew<15>   |   -0.038(R)|      FAST  |    1.308(R)|      SLOW  |PCupdate_BUFGP    |   0.000|
RST         |    2.395(R)|      SLOW  |   -0.877(R)|      SLOW  |PCupdate_BUFGP    |   0.000|
------------+------------+------------+------------+------------+------------------+--------+

Setup/Hold to clock T0
------------+------------+------------+------------+------------+------------------+--------+
            |Max Setup to|  Process   |Max Hold to |  Process   |                  | Clock  |
Source      | clk (edge) |   Corner   | clk (edge) |   Corner   |Internal Clock(s) | Phase  |
------------+------------+------------+------------+------------+------------------+--------+
CLK         |    1.170(F)|      FAST  |    0.317(F)|      SLOW  |T0_IBUF_BUFG      |   0.000|
IRdata<0>   |   -0.098(F)|      FAST  |    1.433(F)|      SLOW  |T0_IBUF_BUFG      |   0.000|
IRdata<1>   |   -0.129(F)|      FAST  |    1.478(F)|      SLOW  |T0_IBUF_BUFG      |   0.000|
IRdata<2>   |   -0.043(F)|      FAST  |    1.378(F)|      SLOW  |T0_IBUF_BUFG      |   0.000|
IRdata<3>   |   -0.074(F)|      FAST  |    1.423(F)|      SLOW  |T0_IBUF_BUFG      |   0.000|
IRdata<4>   |   -0.053(F)|      FAST  |    1.388(F)|      SLOW  |T0_IBUF_BUFG      |   0.000|
IRdata<5>   |   -0.084(F)|      FAST  |    1.433(F)|      SLOW  |T0_IBUF_BUFG      |   0.000|
IRdata<6>   |   -0.114(F)|      FAST  |    1.449(F)|      SLOW  |T0_IBUF_BUFG      |   0.000|
IRdata<7>   |   -0.145(F)|      FAST  |    1.494(F)|      SLOW  |T0_IBUF_BUFG      |   0.000|
IRdata<8>   |   -0.059(F)|      FAST  |    1.394(F)|      SLOW  |T0_IBUF_BUFG      |   0.000|
IRdata<9>   |   -0.090(F)|      FAST  |    1.439(F)|      SLOW  |T0_IBUF_BUFG      |   0.000|
IRdata<10>  |   -0.119(F)|      FAST  |    1.454(F)|      SLOW  |T0_IBUF_BUFG      |   0.000|
IRdata<11>  |    1.074(F)|      FAST  |    0.011(F)|      SLOW  |T0_IBUF_BUFG      |   0.000|
IRdata<12>  |    0.988(F)|      FAST  |    0.200(F)|      SLOW  |T0_IBUF_BUFG      |   0.000|
IRdata<13>  |    1.053(F)|      FAST  |    0.073(F)|      SLOW  |T0_IBUF_BUFG      |   0.000|
IRdata<14>  |    0.953(F)|      FAST  |    0.205(F)|      SLOW  |T0_IBUF_BUFG      |   0.000|
IRdata<15>  |    0.828(F)|      FAST  |    0.361(F)|      SLOW  |T0_IBUF_BUFG      |   0.000|
------------+------------+------------+------------+------------+------------------+--------+

Clock PCupdate to Pad
------------+-----------------+------------+-----------------+------------+------------------+--------+
            |Max (slowest) clk|  Process   |Min (fastest) clk|  Process   |                  | Clock  |
Destination |  (edge) to PAD  |   Corner   |  (edge) to PAD  |   Corner   |Internal Clock(s) | Phase  |
------------+-----------------+------------+-----------------+------------+------------------+--------+
PCout<0>    |         8.336(R)|      SLOW  |         4.409(R)|      FAST  |PCupdate_BUFGP    |   0.000|
PCout<1>    |         8.151(R)|      SLOW  |         4.313(R)|      FAST  |PCupdate_BUFGP    |   0.000|
PCout<2>    |         8.385(R)|      SLOW  |         4.458(R)|      FAST  |PCupdate_BUFGP    |   0.000|
PCout<3>    |         8.200(R)|      SLOW  |         4.362(R)|      FAST  |PCupdate_BUFGP    |   0.000|
PCout<4>    |         8.335(R)|      SLOW  |         4.408(R)|      FAST  |PCupdate_BUFGP    |   0.000|
PCout<5>    |         8.150(R)|      SLOW  |         4.312(R)|      FAST  |PCupdate_BUFGP    |   0.000|
PCout<6>    |         8.315(R)|      SLOW  |         4.394(R)|      FAST  |PCupdate_BUFGP    |   0.000|
PCout<7>    |         8.778(R)|      SLOW  |         4.706(R)|      FAST  |PCupdate_BUFGP    |   0.000|
PCout<8>    |         7.928(R)|      SLOW  |         4.135(R)|      FAST  |PCupdate_BUFGP    |   0.000|
PCout<9>    |         8.321(R)|      SLOW  |         4.349(R)|      FAST  |PCupdate_BUFGP    |   0.000|
PCout<10>   |         8.669(R)|      SLOW  |         4.731(R)|      FAST  |PCupdate_BUFGP    |   0.000|
PCout<11>   |         8.151(R)|      SLOW  |         4.307(R)|      FAST  |PCupdate_BUFGP    |   0.000|
PCout<12>   |         8.274(R)|      SLOW  |         4.345(R)|      FAST  |PCupdate_BUFGP    |   0.000|
PCout<13>   |         8.058(R)|      SLOW  |         4.220(R)|      FAST  |PCupdate_BUFGP    |   0.000|
PCout<14>   |         8.368(R)|      SLOW  |         4.499(R)|      FAST  |PCupdate_BUFGP    |   0.000|
PCout<15>   |         8.504(R)|      SLOW  |         4.553(R)|      FAST  |PCupdate_BUFGP    |   0.000|
------------+-----------------+------------+-----------------+------------+------------------+--------+

Clock T0 to Pad
------------+-----------------+------------+-----------------+------------+------------------+--------+
            |Max (slowest) clk|  Process   |Min (fastest) clk|  Process   |                  | Clock  |
Destination |  (edge) to PAD  |   Corner   |  (edge) to PAD  |   Corner   |Internal Clock(s) | Phase  |
------------+-----------------+------------+-----------------+------------+------------------+--------+
IRout<0>    |         8.471(F)|      SLOW  |         4.508(F)|      FAST  |T0_IBUF_BUFG      |   0.000|
IRout<1>    |         8.226(F)|      SLOW  |         4.369(F)|      FAST  |T0_IBUF_BUFG      |   0.000|
IRout<2>    |         8.173(F)|      SLOW  |         4.316(F)|      FAST  |T0_IBUF_BUFG      |   0.000|
IRout<3>    |         7.978(F)|      SLOW  |         4.200(F)|      FAST  |T0_IBUF_BUFG      |   0.000|
IRout<4>    |         8.369(F)|      SLOW  |         4.486(F)|      FAST  |T0_IBUF_BUFG      |   0.000|
IRout<5>    |         8.092(F)|      SLOW  |         4.357(F)|      FAST  |T0_IBUF_BUFG      |   0.000|
IRout<6>    |         8.376(F)|      SLOW  |         4.536(F)|      FAST  |T0_IBUF_BUFG      |   0.000|
IRout<7>    |         8.142(F)|      SLOW  |         4.407(F)|      FAST  |T0_IBUF_BUFG      |   0.000|
IRout<8>    |         8.266(F)|      SLOW  |         4.426(F)|      FAST  |T0_IBUF_BUFG      |   0.000|
IRout<9>    |         8.149(F)|      SLOW  |         4.371(F)|      FAST  |T0_IBUF_BUFG      |   0.000|
IRout<10>   |         8.283(F)|      SLOW  |         4.454(F)|      FAST  |T0_IBUF_BUFG      |   0.000|
IRout<11>   |         5.848(F)|      SLOW  |         2.827(F)|      FAST  |T0_IBUF_BUFG      |   0.000|
IRout<12>   |         5.720(F)|      SLOW  |         2.699(F)|      FAST  |T0_IBUF_BUFG      |   0.000|
IRout<13>   |         5.720(F)|      SLOW  |         2.699(F)|      FAST  |T0_IBUF_BUFG      |   0.000|
IRout<14>   |         5.719(F)|      SLOW  |         2.698(F)|      FAST  |T0_IBUF_BUFG      |   0.000|
IRout<15>   |         5.719(F)|      SLOW  |         2.698(F)|      FAST  |T0_IBUF_BUFG      |   0.000|
------------+-----------------+------------+-----------------+------------+------------------+--------+

Pad to Pad
---------------+---------------+---------+
Source Pad     |Destination Pad|  Delay  |
---------------+---------------+---------+
CLK            |RDword         |   12.040|
T0             |RDword         |    8.530|
---------------+---------------+---------+


Analysis completed Thu Jul 30 02:29:51 2015 
--------------------------------------------------------------------------------

Trace Settings:
-------------------------
Trace Settings 

Peak Memory Usage: 217 MB



