--------------------------------------------------------------------------------
Release 14.7 Trace  (nt64)
Copyright (c) 1995-2013 Xilinx, Inc.  All rights reserved.

C:\Xilinx\14.7\ISE_DS\ISE\bin\nt64\unwrapped\trce.exe -intstyle ise -v 3 -s 3
-n 3 -fastpaths -xml N3Adapter.twx N3Adapter.ncd -o N3Adapter.twr N3Adapter.pcf
-ucf Nexys3_Master.ucf

Design file:              N3Adapter.ncd
Physical constraint file: N3Adapter.pcf
Device,package,speed:     xc6slx16,csg324,C,-3 (PRODUCTION 1.23 2013-10-13)
Report level:             verbose report

Environment Variable      Effect 
--------------------      ------ 
NONE                      No environment variables were set
--------------------------------------------------------------------------------

INFO:Timing:2698 - No timing constraints found, doing default enumeration.
INFO:Timing:3412 - To improve timing, see the Timing Closure User Guide (UG612).
INFO:Timing:2752 - To get complete path coverage, use the unconstrained paths 
   option. All paths that are not constrained will be reported in the 
   unconstrained paths section(s) of the report.
INFO:Timing:3339 - The clock-to-out numbers in this timing report are based on 
   a 50 Ohm transmission line loading model.  For the details of this model, 
   and for more information on accounting for different loading conditions, 
   please see the device datasheet.



Data Sheet report:
-----------------
All values displayed in nanoseconds (ns)

Setup/Hold to clock CLK
------------+------------+------------+------------+------------+------------------+--------+
            |Max Setup to|  Process   |Max Hold to |  Process   |                  | Clock  |
Source      | clk (edge) |   Corner   | clk (edge) |   Corner   |Internal Clock(s) | Phase  |
------------+------------+------------+------------+------------+------------------+--------+
btnr        |    2.356(R)|      SLOW  |    0.049(R)|      SLOW  |CLK_BUFGP         |   0.000|
------------+------------+------------+------------+------------+------------------+--------+

Clock CLK to Pad
------------+-----------------+------------+-----------------+------------+------------------+--------+
            |Max (slowest) clk|  Process   |Min (fastest) clk|  Process   |                  | Clock  |
Destination |  (edge) to PAD  |   Corner   |  (edge) to PAD  |   Corner   |Internal Clock(s) | Phase  |
------------+-----------------+------------+-----------------+------------+------------------+--------+
MemAdr<1>   |        15.938(R)|      SLOW  |         7.312(R)|      FAST  |CLK_BUFGP         |   0.000|
MemAdr<2>   |        15.931(R)|      SLOW  |         7.453(R)|      FAST  |CLK_BUFGP         |   0.000|
MemAdr<3>   |        15.686(R)|      SLOW  |         7.553(R)|      FAST  |CLK_BUFGP         |   0.000|
MemAdr<4>   |        15.690(R)|      SLOW  |         7.205(R)|      FAST  |CLK_BUFGP         |   0.000|
MemAdr<5>   |        16.408(R)|      SLOW  |         7.576(R)|      FAST  |CLK_BUFGP         |   0.000|
MemAdr<6>   |        16.149(R)|      SLOW  |         7.455(R)|      FAST  |CLK_BUFGP         |   0.000|
MemAdr<7>   |        16.117(R)|      SLOW  |         7.224(R)|      FAST  |CLK_BUFGP         |   0.000|
MemAdr<8>   |        15.854(R)|      SLOW  |         7.492(R)|      FAST  |CLK_BUFGP         |   0.000|
MemAdr<9>   |        16.287(R)|      SLOW  |         7.476(R)|      FAST  |CLK_BUFGP         |   0.000|
MemAdr<10>  |        15.931(R)|      SLOW  |         7.257(R)|      FAST  |CLK_BUFGP         |   0.000|
MemAdr<11>  |        16.825(R)|      SLOW  |         7.597(R)|      FAST  |CLK_BUFGP         |   0.000|
MemAdr<12>  |        17.194(R)|      SLOW  |         7.920(R)|      FAST  |CLK_BUFGP         |   0.000|
MemAdr<13>  |        16.368(R)|      SLOW  |         7.736(R)|      FAST  |CLK_BUFGP         |   0.000|
MemAdr<14>  |        16.802(R)|      SLOW  |         7.732(R)|      FAST  |CLK_BUFGP         |   0.000|
MemAdr<15>  |        16.629(R)|      SLOW  |         7.721(R)|      FAST  |CLK_BUFGP         |   0.000|
MemDB<0>    |        15.810(R)|      SLOW  |         9.239(R)|      FAST  |CLK_BUFGP         |   0.000|
MemDB<1>    |        15.288(R)|      SLOW  |         8.899(R)|      FAST  |CLK_BUFGP         |   0.000|
MemDB<2>    |        15.288(R)|      SLOW  |         8.899(R)|      FAST  |CLK_BUFGP         |   0.000|
MemDB<3>    |        15.495(R)|      SLOW  |         9.132(R)|      FAST  |CLK_BUFGP         |   0.000|
MemDB<4>    |        15.628(R)|      SLOW  |         9.220(R)|      FAST  |CLK_BUFGP         |   0.000|
MemDB<5>    |        15.957(R)|      SLOW  |         9.472(R)|      FAST  |CLK_BUFGP         |   0.000|
MemDB<6>    |        15.957(R)|      SLOW  |         9.472(R)|      FAST  |CLK_BUFGP         |   0.000|
MemDB<7>    |        15.545(R)|      SLOW  |         9.160(R)|      FAST  |CLK_BUFGP         |   0.000|
MemDB<8>    |        16.142(R)|      SLOW  |         9.578(R)|      FAST  |CLK_BUFGP         |   0.000|
MemDB<9>    |        16.142(R)|      SLOW  |         9.578(R)|      FAST  |CLK_BUFGP         |   0.000|
MemDB<10>   |        14.989(R)|      SLOW  |         8.702(R)|      FAST  |CLK_BUFGP         |   0.000|
MemDB<11>   |        15.250(R)|      SLOW  |         8.866(R)|      FAST  |CLK_BUFGP         |   0.000|
MemDB<12>   |        15.250(R)|      SLOW  |         8.866(R)|      FAST  |CLK_BUFGP         |   0.000|
MemDB<13>   |        14.283(R)|      SLOW  |         8.305(R)|      FAST  |CLK_BUFGP         |   0.000|
MemDB<14>   |        14.691(R)|      SLOW  |         8.637(R)|      FAST  |CLK_BUFGP         |   0.000|
MemDB<15>   |        14.691(R)|      SLOW  |         8.637(R)|      FAST  |CLK_BUFGP         |   0.000|
RamCS       |        13.909(R)|      SLOW  |         8.021(R)|      FAST  |CLK_BUFGP         |   0.000|
led<0>      |        17.460(R)|      SLOW  |        10.266(R)|      FAST  |CLK_BUFGP         |   0.000|
led<1>      |        18.280(R)|      SLOW  |        10.239(R)|      FAST  |CLK_BUFGP         |   0.000|
led<2>      |        18.069(R)|      SLOW  |        10.507(R)|      FAST  |CLK_BUFGP         |   0.000|
led<3>      |        18.076(R)|      SLOW  |         8.539(R)|      FAST  |CLK_BUFGP         |   0.000|
led<4>      |        17.220(R)|      SLOW  |        10.010(R)|      FAST  |CLK_BUFGP         |   0.000|
led<5>      |        17.620(R)|      SLOW  |        10.078(R)|      FAST  |CLK_BUFGP         |   0.000|
led<6>      |        17.505(R)|      SLOW  |         9.997(R)|      FAST  |CLK_BUFGP         |   0.000|
led<7>      |        17.631(R)|      SLOW  |        10.165(R)|      FAST  |CLK_BUFGP         |   0.000|
------------+-----------------+------------+-----------------+------------+------------------+--------+

Clock to Setup on destination clock CLK
---------------+---------+---------+---------+---------+
               | Src:Rise| Src:Fall| Src:Rise| Src:Fall|
Source Clock   |Dest:Rise|Dest:Rise|Dest:Fall|Dest:Fall|
---------------+---------+---------+---------+---------+
CLK            |    7.547|         |         |         |
---------------+---------+---------+---------+---------+

Pad to Pad
---------------+---------------+---------+
Source Pad     |Destination Pad|  Delay  |
---------------+---------------+---------+
btnd           |led<0>         |   11.769|
btnd           |led<1>         |   11.717|
btnd           |led<2>         |   12.352|
btnd           |led<3>         |   11.840|
btnd           |led<4>         |   11.602|
btnd           |led<5>         |   11.421|
btnd           |led<6>         |   11.573|
btnd           |led<7>         |   11.348|
sw<0>          |led<0>         |   10.462|
sw<1>          |led<1>         |   11.259|
sw<2>          |led<2>         |   10.112|
sw<3>          |led<3>         |   10.794|
sw<4>          |led<4>         |   10.008|
sw<5>          |led<5>         |    9.687|
sw<6>          |led<6>         |    9.641|
sw<7>          |led<7>         |   10.782|
---------------+---------------+---------+


Analysis completed Wed Aug 05 20:38:08 2015 
--------------------------------------------------------------------------------

Trace Settings:
-------------------------
Trace Settings 

Peak Memory Usage: 282 MB



