--------------------------------------------------------------------------------
Release 14.7 Trace  (nt64)
Copyright (c) 1995-2013 Xilinx, Inc.  All rights reserved.

C:\Xilinx\14.7\ISE_DS\ISE\bin\nt64\unwrapped\trce.exe -intstyle ise -v 3 -s 3
-n 3 -fastpaths -xml N3Adapter.twx N3Adapter.ncd -o N3Adapter.twr N3Adapter.pcf
-ucf Nexys3_Master.ucf

Design file:              N3Adapter.ncd
Physical constraint file: N3Adapter.pcf
Device,package,speed:     xc6slx16,csg324,C,-3 (PRODUCTION 1.23 2013-10-13)
Report level:             verbose report

Environment Variable      Effect 
--------------------      ------ 
NONE                      No environment variables were set
--------------------------------------------------------------------------------

INFO:Timing:2698 - No timing constraints found, doing default enumeration.
INFO:Timing:3412 - To improve timing, see the Timing Closure User Guide (UG612).
INFO:Timing:2752 - To get complete path coverage, use the unconstrained paths 
   option. All paths that are not constrained will be reported in the 
   unconstrained paths section(s) of the report.
INFO:Timing:3339 - The clock-to-out numbers in this timing report are based on 
   a 50 Ohm transmission line loading model.  For the details of this model, 
   and for more information on accounting for different loading conditions, 
   please see the device datasheet.



Data Sheet report:
-----------------
All values displayed in nanoseconds (ns)

Setup/Hold to clock btnr
------------+------------+------------+------------+------------+--------------------------+--------+
            |Max Setup to|  Process   |Max Hold to |  Process   |                          | Clock  |
Source      | clk (edge) |   Corner   | clk (edge) |   Corner   |Internal Clock(s)         | Phase  |
------------+------------+------------+------------+------------+--------------------------+--------+
MemDB<0>    |   -2.570(F)|      FAST  |    4.958(F)|      SLOW  |comCPU/comAC/WR_RD_OR_69_o|   0.000|
MemDB<1>    |   -2.707(F)|      FAST  |    5.083(F)|      SLOW  |comCPU/comAC/WR_RD_OR_69_o|   0.000|
MemDB<2>    |   -2.770(F)|      FAST  |    5.191(F)|      SLOW  |comCPU/comAC/WR_RD_OR_69_o|   0.000|
MemDB<3>    |   -2.553(F)|      FAST  |    4.940(F)|      SLOW  |comCPU/comAC/WR_RD_OR_69_o|   0.000|
MemDB<4>    |   -2.630(F)|      FAST  |    5.070(F)|      SLOW  |comCPU/comAC/WR_RD_OR_69_o|   0.000|
MemDB<5>    |   -2.256(F)|      FAST  |    4.650(F)|      SLOW  |comCPU/comAC/WR_RD_OR_69_o|   0.000|
MemDB<6>    |   -2.345(F)|      FAST  |    4.732(F)|      SLOW  |comCPU/comAC/WR_RD_OR_69_o|   0.000|
MemDB<7>    |   -2.754(F)|      FAST  |    5.249(F)|      SLOW  |comCPU/comAC/WR_RD_OR_69_o|   0.000|
MemDB<8>    |   -1.883(F)|      FAST  |    4.058(F)|      SLOW  |comCPU/comAC/WR_RD_OR_69_o|   0.000|
MemDB<9>    |   -2.147(F)|      FAST  |    4.460(F)|      SLOW  |comCPU/comAC/WR_RD_OR_69_o|   0.000|
MemDB<10>   |   -2.788(F)|      FAST  |    5.254(F)|      SLOW  |comCPU/comAC/WR_RD_OR_69_o|   0.000|
MemDB<11>   |   -2.880(F)|      FAST  |    5.342(F)|      SLOW  |comCPU/comAC/WR_RD_OR_69_o|   0.000|
MemDB<12>   |   -2.994(F)|      FAST  |    5.546(F)|      SLOW  |comCPU/comAC/WR_RD_OR_69_o|   0.000|
MemDB<13>   |   -3.043(F)|      FAST  |    5.652(F)|      SLOW  |comCPU/comAC/WR_RD_OR_69_o|   0.000|
MemDB<14>   |   -2.729(F)|      FAST  |    5.294(F)|      SLOW  |comCPU/comAC/WR_RD_OR_69_o|   0.000|
MemDB<15>   |   -2.971(F)|      FAST  |    5.588(F)|      SLOW  |comCPU/comAC/WR_RD_OR_69_o|   0.000|
sw<0>       |   -2.028(F)|      FAST  |    4.411(F)|      SLOW  |comCPU/comAC/WR_RD_OR_69_o|   0.000|
sw<1>       |   -1.861(F)|      FAST  |    4.205(F)|      SLOW  |comCPU/comAC/WR_RD_OR_69_o|   0.000|
sw<2>       |   -1.658(F)|      FAST  |    4.186(F)|      SLOW  |comCPU/comAC/WR_RD_OR_69_o|   0.000|
sw<3>       |   -1.291(F)|      FAST  |    3.837(F)|      SLOW  |comCPU/comAC/WR_RD_OR_69_o|   0.000|
sw<4>       |   -1.587(F)|      FAST  |    4.157(F)|      SLOW  |comCPU/comAC/WR_RD_OR_69_o|   0.000|
sw<5>       |   -1.700(F)|      FAST  |    4.206(F)|      SLOW  |comCPU/comAC/WR_RD_OR_69_o|   0.000|
sw<6>       |   -1.763(F)|      FAST  |    4.115(F)|      SLOW  |comCPU/comAC/WR_RD_OR_69_o|   0.000|
sw<7>       |   -1.395(F)|      FAST  |    3.595(F)|      SLOW  |comCPU/comAC/WR_RD_OR_69_o|   0.000|
------------+------------+------------+------------+------------+--------------------------+--------+

Clock btnr to Pad
------------+-----------------+------------+-----------------+------------+------------------------------+--------+
            |Max (slowest) clk|  Process   |Min (fastest) clk|  Process   |                              | Clock  |
Destination |  (edge) to PAD  |   Corner   |  (edge) to PAD  |   Corner   |Internal Clock(s)             | Phase  |
------------+-----------------+------------+-----------------+------------+------------------------------+--------+
JA<0>       |        19.841(R)|      SLOW  |        10.481(R)|      FAST  |comCPU/Rupdate_BUFG           |   0.000|
            |        13.716(F)|      SLOW  |         5.765(F)|      FAST  |btnr_IBUF_BUFG                |   0.000|
JA<1>       |        15.225(F)|      SLOW  |         6.508(F)|      FAST  |btnr_IBUF_BUFG                |   0.000|
            |        20.104(R)|      SLOW  |         9.777(R)|      FAST  |comCPU/Rupdate_BUFG           |   0.000|
JA<2>       |        20.724(R)|      SLOW  |        10.334(R)|      FAST  |comCPU/Rupdate_BUFG           |   0.000|
            |        14.737(F)|      SLOW  |         5.421(F)|      FAST  |btnr_IBUF_BUFG                |   0.000|
JA<3>       |        19.724(R)|      SLOW  |        10.113(R)|      FAST  |comCPU/Rupdate_BUFG           |   0.000|
            |        14.230(F)|      SLOW  |         5.480(F)|      FAST  |btnr_IBUF_BUFG                |   0.000|
JA<4>       |        13.891(F)|      SLOW  |         5.431(F)|      FAST  |btnr_IBUF_BUFG                |   0.000|
            |        21.341(R)|      SLOW  |        11.204(R)|      FAST  |comCPU/Rupdate_BUFG           |   0.000|
JA<5>       |        21.814(R)|      SLOW  |        11.436(R)|      FAST  |comCPU/Rupdate_BUFG           |   0.000|
            |        14.364(F)|      SLOW  |         5.575(F)|      FAST  |btnr_IBUF_BUFG                |   0.000|
JA<6>       |        20.801(R)|      SLOW  |        10.393(R)|      FAST  |comCPU/Rupdate_BUFG           |   0.000|
            |        14.443(F)|      SLOW  |         5.438(F)|      FAST  |btnr_IBUF_BUFG                |   0.000|
MemAdr<1>   |        11.173(F)|      SLOW  |         6.886(F)|      FAST  |comCPU/comAC/nMEM_RDIR_OR_44_o|   0.000|
MemAdr<2>   |        11.173(F)|      SLOW  |         6.886(F)|      FAST  |comCPU/comAC/nMEM_RDIR_OR_44_o|   0.000|
MemAdr<3>   |        11.033(F)|      SLOW  |         6.806(F)|      FAST  |comCPU/comAC/nMEM_RDIR_OR_44_o|   0.000|
MemAdr<4>   |        11.033(F)|      SLOW  |         6.806(F)|      FAST  |comCPU/comAC/nMEM_RDIR_OR_44_o|   0.000|
MemAdr<5>   |        11.398(F)|      SLOW  |         6.973(F)|      FAST  |comCPU/comAC/nMEM_RDIR_OR_44_o|   0.000|
MemAdr<6>   |        11.398(F)|      SLOW  |         6.973(F)|      FAST  |comCPU/comAC/nMEM_RDIR_OR_44_o|   0.000|
MemAdr<7>   |        11.574(F)|      SLOW  |         7.085(F)|      FAST  |comCPU/comAC/nMEM_RDIR_OR_44_o|   0.000|
MemAdr<8>   |        11.574(F)|      SLOW  |         7.085(F)|      FAST  |comCPU/comAC/nMEM_RDIR_OR_44_o|   0.000|
MemAdr<9>   |        11.746(F)|      SLOW  |         7.193(F)|      FAST  |comCPU/comAC/nMEM_RDIR_OR_44_o|   0.000|
MemAdr<10>  |        11.746(F)|      SLOW  |         7.193(F)|      FAST  |comCPU/comAC/nMEM_RDIR_OR_44_o|   0.000|
MemAdr<11>  |        12.410(F)|      SLOW  |         7.639(F)|      FAST  |comCPU/comAC/nMEM_RDIR_OR_44_o|   0.000|
MemAdr<12>  |        12.410(F)|      SLOW  |         7.639(F)|      FAST  |comCPU/comAC/nMEM_RDIR_OR_44_o|   0.000|
MemAdr<13>  |        12.586(F)|      SLOW  |         7.751(F)|      FAST  |comCPU/comAC/nMEM_RDIR_OR_44_o|   0.000|
MemAdr<14>  |        12.586(F)|      SLOW  |         7.751(F)|      FAST  |comCPU/comAC/nMEM_RDIR_OR_44_o|   0.000|
MemAdr<15>  |        12.749(F)|      SLOW  |         7.850(F)|      FAST  |comCPU/comAC/nMEM_RDIR_OR_44_o|   0.000|
MemDB<0>    |        11.001(F)|      SLOW  |         5.972(F)|      FAST  |btnr_IBUF_BUFG                |   0.000|
            |        14.063(F)|      SLOW  |         8.687(F)|      FAST  |comCPU/comAC/WR_RD_OR_69_o    |   0.000|
MemDB<1>    |        10.470(F)|      SLOW  |         5.623(F)|      FAST  |btnr_IBUF_BUFG                |   0.000|
            |        13.766(F)|      SLOW  |         8.523(F)|      FAST  |comCPU/comAC/WR_RD_OR_69_o    |   0.000|
MemDB<2>    |        10.470(F)|      SLOW  |         5.623(F)|      FAST  |btnr_IBUF_BUFG                |   0.000|
            |        13.759(F)|      SLOW  |         8.518(F)|      FAST  |comCPU/comAC/WR_RD_OR_69_o    |   0.000|
MemDB<3>    |        10.677(F)|      SLOW  |         5.856(F)|      FAST  |btnr_IBUF_BUFG                |   0.000|
            |        14.337(F)|      SLOW  |         8.874(F)|      FAST  |comCPU/comAC/WR_RD_OR_69_o    |   0.000|
MemDB<4>    |        11.011(F)|      SLOW  |         6.114(F)|      FAST  |btnr_IBUF_BUFG                |   0.000|
            |        14.081(F)|      SLOW  |         8.749(F)|      FAST  |comCPU/comAC/WR_RD_OR_69_o    |   0.000|
MemDB<5>    |        11.124(F)|      SLOW  |         6.153(F)|      FAST  |btnr_IBUF_BUFG                |   0.000|
            |        14.563(F)|      SLOW  |         9.080(F)|      FAST  |comCPU/comAC/WR_RD_OR_69_o    |   0.000|
MemDB<6>    |        11.124(F)|      SLOW  |         6.153(F)|      FAST  |btnr_IBUF_BUFG                |   0.000|
            |        14.505(F)|      SLOW  |         9.024(F)|      FAST  |comCPU/comAC/WR_RD_OR_69_o    |   0.000|
MemDB<7>    |        10.774(F)|      SLOW  |         5.923(F)|      FAST  |btnr_IBUF_BUFG                |   0.000|
            |        14.191(F)|      SLOW  |         8.795(F)|      FAST  |comCPU/comAC/WR_RD_OR_69_o    |   0.000|
MemDB<8>    |        11.309(F)|      SLOW  |         6.259(F)|      FAST  |btnr_IBUF_BUFG                |   0.000|
            |        14.625(F)|      SLOW  |         9.112(F)|      FAST  |comCPU/comAC/WR_RD_OR_69_o    |   0.000|
MemDB<9>    |        11.309(F)|      SLOW  |         6.259(F)|      FAST  |btnr_IBUF_BUFG                |   0.000|
            |        14.379(F)|      SLOW  |         8.928(F)|      FAST  |comCPU/comAC/WR_RD_OR_69_o    |   0.000|
MemDB<10>   |        10.171(F)|      SLOW  |         5.426(F)|      FAST  |btnr_IBUF_BUFG                |   0.000|
            |        13.643(F)|      SLOW  |         8.414(F)|      FAST  |comCPU/comAC/WR_RD_OR_69_o    |   0.000|
MemDB<11>   |        10.432(F)|      SLOW  |         5.590(F)|      FAST  |btnr_IBUF_BUFG                |   0.000|
            |        13.727(F)|      SLOW  |         8.449(F)|      FAST  |comCPU/comAC/WR_RD_OR_69_o    |   0.000|
MemDB<12>   |        10.432(F)|      SLOW  |         5.590(F)|      FAST  |btnr_IBUF_BUFG                |   0.000|
            |        13.725(F)|      SLOW  |         8.463(F)|      FAST  |comCPU/comAC/WR_RD_OR_69_o    |   0.000|
MemDB<13>   |         9.465(F)|      SLOW  |         5.029(F)|      FAST  |btnr_IBUF_BUFG                |   0.000|
            |        13.565(F)|      SLOW  |         8.364(F)|      FAST  |comCPU/comAC/WR_RD_OR_69_o    |   0.000|
MemDB<14>   |         9.873(F)|      SLOW  |         5.361(F)|      FAST  |btnr_IBUF_BUFG                |   0.000|
            |        13.839(F)|      SLOW  |         8.591(F)|      FAST  |comCPU/comAC/WR_RD_OR_69_o    |   0.000|
MemDB<15>   |         9.873(F)|      SLOW  |         5.361(F)|      FAST  |btnr_IBUF_BUFG                |   0.000|
            |        13.839(F)|      SLOW  |         8.591(F)|      FAST  |comCPU/comAC/WR_RD_OR_69_o    |   0.000|
MemOE       |         9.318(R)|      SLOW  |         5.249(R)|      FAST  |btnr_IBUF_BUFG                |   0.000|
            |        11.664(F)|      SLOW  |         5.924(F)|      FAST  |btnr_IBUF_BUFG                |   0.000|
MemWR       |        12.171(F)|      SLOW  |         6.699(F)|      FAST  |btnr_IBUF_BUFG                |   0.000|
RamCS       |        10.292(R)|      SLOW  |         5.912(R)|      FAST  |btnr_IBUF_BUFG                |   0.000|
            |        11.432(F)|      SLOW  |         6.183(F)|      FAST  |btnr_IBUF_BUFG                |   0.000|
RamLB       |         9.953(R)|      SLOW  |         5.650(R)|      FAST  |btnr_IBUF_BUFG                |   0.000|
            |        12.447(F)|      SLOW  |         6.297(F)|      FAST  |btnr_IBUF_BUFG                |   0.000|
            |        14.769(F)|      SLOW  |         9.177(F)|      FAST  |comCPU/comAC/nMEM_RDIR_OR_44_o|   0.000|
RamUB       |        10.164(R)|      SLOW  |         5.759(R)|      FAST  |btnr_IBUF_BUFG                |   0.000|
            |        12.164(F)|      SLOW  |         6.286(F)|      FAST  |btnr_IBUF_BUFG                |   0.000|
            |        15.593(F)|      SLOW  |         9.658(F)|      FAST  |comCPU/comAC/nMEM_RDIR_OR_44_o|   0.000|
led<0>      |        12.894(F)|      SLOW  |         6.529(F)|      FAST  |btnr_IBUF_BUFG                |   0.000|
            |        15.460(F)|      SLOW  |         9.321(F)|      FAST  |comCPU/comAC/WR_RD_OR_69_o    |   0.000|
            |        18.075(F)|      SLOW  |        10.294(F)|      FAST  |comCPU/comAC/nMEM_RDIR_OR_44_o|   0.000|
led<1>      |        12.981(F)|      SLOW  |         6.303(F)|      FAST  |btnr_IBUF_BUFG                |   0.000|
            |        15.513(F)|      SLOW  |         9.296(F)|      FAST  |comCPU/comAC/WR_RD_OR_69_o    |   0.000|
            |        18.273(F)|      SLOW  |        10.311(F)|      FAST  |comCPU/comAC/nMEM_RDIR_OR_44_o|   0.000|
led<2>      |        13.111(F)|      SLOW  |         6.625(F)|      FAST  |btnr_IBUF_BUFG                |   0.000|
            |        15.746(F)|      SLOW  |         9.419(F)|      FAST  |comCPU/comAC/WR_RD_OR_69_o    |   0.000|
            |        18.603(F)|      SLOW  |        10.488(F)|      FAST  |comCPU/comAC/nMEM_RDIR_OR_44_o|   0.000|
led<3>      |        13.337(F)|      SLOW  |         6.689(F)|      FAST  |btnr_IBUF_BUFG                |   0.000|
            |        15.865(F)|      SLOW  |         9.317(F)|      FAST  |comCPU/comAC/WR_RD_OR_69_o    |   0.000|
            |        18.829(F)|      SLOW  |        10.201(F)|      FAST  |comCPU/comAC/nMEM_RDIR_OR_44_o|   0.000|
led<4>      |        12.539(F)|      SLOW  |         6.142(F)|      FAST  |btnr_IBUF_BUFG                |   0.000|
            |        15.067(F)|      SLOW  |         8.770(F)|      FAST  |comCPU/comAC/WR_RD_OR_69_o    |   0.000|
            |        18.031(F)|      SLOW  |         9.654(F)|      FAST  |comCPU/comAC/nMEM_RDIR_OR_44_o|   0.000|
led<5>      |        12.522(F)|      SLOW  |         6.173(F)|      FAST  |btnr_IBUF_BUFG                |   0.000|
            |        15.157(F)|      SLOW  |         8.967(F)|      FAST  |comCPU/comAC/WR_RD_OR_69_o    |   0.000|
            |        18.014(F)|      SLOW  |        10.036(F)|      FAST  |comCPU/comAC/nMEM_RDIR_OR_44_o|   0.000|
led<6>      |        12.326(F)|      SLOW  |         5.865(F)|      FAST  |btnr_IBUF_BUFG                |   0.000|
            |        14.858(F)|      SLOW  |         8.858(F)|      FAST  |comCPU/comAC/WR_RD_OR_69_o    |   0.000|
            |        17.618(F)|      SLOW  |         9.873(F)|      FAST  |comCPU/comAC/nMEM_RDIR_OR_44_o|   0.000|
led<7>      |        12.250(F)|      SLOW  |         6.129(F)|      FAST  |btnr_IBUF_BUFG                |   0.000|
            |        14.816(F)|      SLOW  |         8.921(F)|      FAST  |comCPU/comAC/WR_RD_OR_69_o    |   0.000|
            |        17.431(F)|      SLOW  |         9.894(F)|      FAST  |comCPU/comAC/nMEM_RDIR_OR_44_o|   0.000|
------------+-----------------+------------+-----------------+------------+------------------------------+--------+

Clock to Setup on destination clock CLK
---------------+---------+---------+---------+---------+
               | Src:Rise| Src:Fall| Src:Rise| Src:Fall|
Source Clock   |Dest:Rise|Dest:Rise|Dest:Fall|Dest:Fall|
---------------+---------+---------+---------+---------+
CLK            |    5.177|         |         |         |
---------------+---------+---------+---------+---------+

Clock to Setup on destination clock btnr
---------------+---------+---------+---------+---------+
               | Src:Rise| Src:Fall| Src:Rise| Src:Fall|
Source Clock   |Dest:Rise|Dest:Rise|Dest:Fall|Dest:Fall|
---------------+---------+---------+---------+---------+
btnr           |    1.328|   -0.620|    7.970|   14.024|
btns           |    4.941|    4.941|    6.521|   14.024|
---------------+---------+---------+---------+---------+

Clock to Setup on destination clock btns
---------------+---------+---------+---------+---------+
               | Src:Rise| Src:Fall| Src:Rise| Src:Fall|
Source Clock   |Dest:Rise|Dest:Rise|Dest:Fall|Dest:Fall|
---------------+---------+---------+---------+---------+
btnr           |         |         |    5.388|    5.547|
btns           |         |         |    3.474|    5.547|
---------------+---------+---------+---------+---------+

Pad to Pad
---------------+---------------+---------+
Source Pad     |Destination Pad|  Delay  |
---------------+---------------+---------+
btnr           |MemOE          |   10.713|
btnr           |RamCS          |   10.831|
btnr           |RamLB          |   11.315|
btnr           |RamUB          |   13.185|
sw<0>          |led<0>         |    9.880|
sw<0>          |led<7>         |    9.236|
sw<1>          |led<1>         |    9.926|
sw<1>          |led<6>         |    9.271|
sw<2>          |led<2>         |   10.458|
sw<2>          |led<5>         |    9.869|
sw<3>          |led<3>         |   10.744|
sw<3>          |led<4>         |    9.946|
sw<4>          |led<3>         |   10.424|
sw<4>          |led<4>         |    9.626|
sw<5>          |led<2>         |   10.434|
sw<5>          |led<5>         |    9.845|
sw<6>          |led<1>         |   10.020|
sw<6>          |led<6>         |    9.365|
sw<7>          |led<0>         |   10.729|
sw<7>          |led<7>         |   10.085|
---------------+---------------+---------+


Analysis completed Sat Aug 01 21:42:53 2015 
--------------------------------------------------------------------------------

Trace Settings:
-------------------------
Trace Settings 

Peak Memory Usage: 243 MB



